// Jest Snapshot v1, https://goo.gl/fbAQLP

exports[`Checkbox should be match snapshot 1`] = `
<Component
  checked={true}
  name="sample"
>
  <CheckboxComponent
    checked={true}
    name="sample"
    theme={
      Object {
        "frame": Object {
          "border": Object {
            "default": "1px solid #d6d6d6",
            "lineStyle": "solid",
            "lineWidth": "1px",
            "radius": Object {
              "l": "8px",
              "m": "6px",
              "s": "3px",
            },
          },
        },
        "interaction": Object {
          "hover": Object {
            "animation": ".3s ease-out",
            "animationDuration": ".3s",
            "animationTiming": "ease-out",
            "feedbackOpacity": ".7",
          },
        },
        "palette": Object {
          "Background": "#f5f6fa",
          "Background_Omen": "#009ea6",
          "Background_Omen_M07": "#0dbac1",
          "Black": "#333",
          "Blue": "#0081cc",
          "Blue_M20": "#4dbdff",
          "Blue_P30": "#005180",
          "GreenGray": "#6bb0b3",
          "GreenGray_M20": "#f0f9fa",
          "Main": "#00a5ab",
          "Main_P10": "#008d91",
          "Main_P20": "#007378",
          "Mono_P03": "#f9f9f9",
          "Mono_P05": "#f5f5f5",
          "Mono_P10": "#eaeaea",
          "Mono_P20": "#d6d6d6",
          "Mono_P30": "#c1c1c1",
          "Mono_P40": "#adadad",
          "Mono_P60": "#858585",
          "Mono_P80": "#5c5c5c",
          "Orange": "#f80",
          "Orange_M30": "#ffac4d",
          "Orange_P10": "#e67a00",
          "Overlay": "rgba(51, 51, 51, 0.4)",
          "Red": "#ef475b",
          "SmartHRGreen": "#00c4cc",
          "White": "#fff",
          "Yellow": "#fc0",
        },
        "size": Object {
          "font": Object {
            "grande": 16,
            "short": 13,
            "tall": 14,
            "tasting": 12,
            "trenta": 22,
            "venti": 20,
          },
          "mediaQuery": Object {
            "sp": 599,
            "tablet": 959,
          },
          "pxToRem": [Function],
          "space": Object {
            "l": 40,
            "m": 32,
            "s": 24,
            "xl": 48,
            "xs": 16,
            "xxl": 56,
            "xxs": 8,
          },
        },
      }
    }
  >
    <styled.div
      className="active  light"
      theme={
        Object {
          "frame": Object {
            "border": Object {
              "default": "1px solid #d6d6d6",
              "lineStyle": "solid",
              "lineWidth": "1px",
              "radius": Object {
                "l": "8px",
                "m": "6px",
                "s": "3px",
              },
            },
          },
          "interaction": Object {
            "hover": Object {
              "animation": ".3s ease-out",
              "animationDuration": ".3s",
              "animationTiming": "ease-out",
              "feedbackOpacity": ".7",
            },
          },
          "palette": Object {
            "Background": "#f5f6fa",
            "Background_Omen": "#009ea6",
            "Background_Omen_M07": "#0dbac1",
            "Black": "#333",
            "Blue": "#0081cc",
            "Blue_M20": "#4dbdff",
            "Blue_P30": "#005180",
            "GreenGray": "#6bb0b3",
            "GreenGray_M20": "#f0f9fa",
            "Main": "#00a5ab",
            "Main_P10": "#008d91",
            "Main_P20": "#007378",
            "Mono_P03": "#f9f9f9",
            "Mono_P05": "#f5f5f5",
            "Mono_P10": "#eaeaea",
            "Mono_P20": "#d6d6d6",
            "Mono_P30": "#c1c1c1",
            "Mono_P40": "#adadad",
            "Mono_P60": "#858585",
            "Mono_P80": "#5c5c5c",
            "Orange": "#f80",
            "Orange_M30": "#ffac4d",
            "Orange_P10": "#e67a00",
            "Overlay": "rgba(51, 51, 51, 0.4)",
            "Red": "#ef475b",
            "SmartHRGreen": "#00c4cc",
            "White": "#fff",
            "Yellow": "#fc0",
          },
          "size": Object {
            "font": Object {
              "grande": 16,
              "short": 13,
              "tall": 14,
              "tasting": 12,
              "trenta": 22,
              "venti": 20,
            },
            "mediaQuery": Object {
              "sp": 599,
              "tablet": 959,
            },
            "pxToRem": [Function],
            "space": Object {
              "l": 40,
              "m": 32,
              "s": 24,
              "xl": 48,
              "xs": 16,
              "xxl": 56,
              "xxs": 8,
            },
          },
        }
      }
    >
      <StyledComponent
        className="active  light"
        forwardedComponent={
          Object {
            "$$typeof": Symbol(react.forward_ref),
            "attrs": Array [],
            "componentStyle": ComponentStyle {
              "componentId": "sc-bdVaJa",
              "isStatic": false,
              "lastClassName": "NbjhZ",
              "rules": Array [
                "
  ",
                [Function],
                "
",
              ],
            },
            "displayName": "styled.div",
            "foldedComponentIds": Array [],
            "render": [Function],
            "styledComponentId": "sc-bdVaJa",
            "target": "div",
            "toString": [Function],
            "warnTooManyClasses": [Function],
            "withComponent": [Function],
          }
        }
        forwardedRef={null}
        theme={
          Object {
            "frame": Object {
              "border": Object {
                "default": "1px solid #d6d6d6",
                "lineStyle": "solid",
                "lineWidth": "1px",
                "radius": Object {
                  "l": "8px",
                  "m": "6px",
                  "s": "3px",
                },
              },
            },
            "interaction": Object {
              "hover": Object {
                "animation": ".3s ease-out",
                "animationDuration": ".3s",
                "animationTiming": "ease-out",
                "feedbackOpacity": ".7",
              },
            },
            "palette": Object {
              "Background": "#f5f6fa",
              "Background_Omen": "#009ea6",
              "Background_Omen_M07": "#0dbac1",
              "Black": "#333",
              "Blue": "#0081cc",
              "Blue_M20": "#4dbdff",
              "Blue_P30": "#005180",
              "GreenGray": "#6bb0b3",
              "GreenGray_M20": "#f0f9fa",
              "Main": "#00a5ab",
              "Main_P10": "#008d91",
              "Main_P20": "#007378",
              "Mono_P03": "#f9f9f9",
              "Mono_P05": "#f5f5f5",
              "Mono_P10": "#eaeaea",
              "Mono_P20": "#d6d6d6",
              "Mono_P30": "#c1c1c1",
              "Mono_P40": "#adadad",
              "Mono_P60": "#858585",
              "Mono_P80": "#5c5c5c",
              "Orange": "#f80",
              "Orange_M30": "#ffac4d",
              "Orange_P10": "#e67a00",
              "Overlay": "rgba(51, 51, 51, 0.4)",
              "Red": "#ef475b",
              "SmartHRGreen": "#00c4cc",
              "White": "#fff",
              "Yellow": "#fc0",
            },
            "size": Object {
              "font": Object {
                "grande": 16,
                "short": 13,
                "tall": 14,
                "tasting": 12,
                "trenta": 22,
                "venti": 20,
              },
              "mediaQuery": Object {
                "sp": 599,
                "tablet": 959,
              },
              "pxToRem": [Function],
              "space": Object {
                "l": 40,
                "m": 32,
                "s": 24,
                "xl": 48,
                "xs": 16,
                "xxl": 56,
                "xxs": 8,
              },
            },
          }
        }
      >
        <div
          className="active  light sc-bdVaJa NbjhZ"
        >
          <styled.span>
            <StyledComponent
              forwardedComponent={
                Object {
                  "$$typeof": Symbol(react.forward_ref),
                  "attrs": Array [],
                  "componentStyle": ComponentStyle {
                    "componentId": "sc-htpNat",
                    "isStatic": true,
                    "lastClassName": "oRUBv",
                    "rules": Array [
                      "
  position: absolute;
  top: 50%;
  left: 50%;
  display: inline-block;
  width: 12px;
  height: 12px;
  transform: translate(-50%, -50%);

  & > svg {
    vertical-align: top;
  }
",
                    ],
                  },
                  "displayName": "styled.span",
                  "foldedComponentIds": Array [],
                  "render": [Function],
                  "styledComponentId": "sc-htpNat",
                  "target": "span",
                  "toString": [Function],
                  "warnTooManyClasses": [Function],
                  "withComponent": [Function],
                }
              }
              forwardedRef={null}
            >
              <span
                className="sc-htpNat oRUBv"
              >
                <Component
                  fill="#fff"
                  height={12}
                  name="check"
                  width={12}
                >
                  <Component
                    fill="#fff"
                    height={12}
                    width={12}
                  >
                    <CheckIcon
                      fill="#fff"
                      height={12}
                      theme={
                        Object {
                          "frame": Object {
                            "border": Object {
                              "default": "1px solid #d6d6d6",
                              "lineStyle": "solid",
                              "lineWidth": "1px",
                              "radius": Object {
                                "l": "8px",
                                "m": "6px",
                                "s": "3px",
                              },
                            },
                          },
                          "interaction": Object {
                            "hover": Object {
                              "animation": ".3s ease-out",
                              "animationDuration": ".3s",
                              "animationTiming": "ease-out",
                              "feedbackOpacity": ".7",
                            },
                          },
                          "palette": Object {
                            "Background": "#f5f6fa",
                            "Background_Omen": "#009ea6",
                            "Background_Omen_M07": "#0dbac1",
                            "Black": "#333",
                            "Blue": "#0081cc",
                            "Blue_M20": "#4dbdff",
                            "Blue_P30": "#005180",
                            "GreenGray": "#6bb0b3",
                            "GreenGray_M20": "#f0f9fa",
                            "Main": "#00a5ab",
                            "Main_P10": "#008d91",
                            "Main_P20": "#007378",
                            "Mono_P03": "#f9f9f9",
                            "Mono_P05": "#f5f5f5",
                            "Mono_P10": "#eaeaea",
                            "Mono_P20": "#d6d6d6",
                            "Mono_P30": "#c1c1c1",
                            "Mono_P40": "#adadad",
                            "Mono_P60": "#858585",
                            "Mono_P80": "#5c5c5c",
                            "Orange": "#f80",
                            "Orange_M30": "#ffac4d",
                            "Orange_P10": "#e67a00",
                            "Overlay": "rgba(51, 51, 51, 0.4)",
                            "Red": "#ef475b",
                            "SmartHRGreen": "#00c4cc",
                            "White": "#fff",
                            "Yellow": "#fc0",
                          },
                          "size": Object {
                            "font": Object {
                              "grande": 16,
                              "short": 13,
                              "tall": 14,
                              "tasting": 12,
                              "trenta": 22,
                              "venti": 20,
                            },
                            "mediaQuery": Object {
                              "sp": 599,
                              "tablet": 959,
                            },
                            "pxToRem": [Function],
                            "space": Object {
                              "l": 40,
                              "m": 32,
                              "s": 24,
                              "xl": 48,
                              "xs": 16,
                              "xxl": 56,
                              "xxs": 8,
                            },
                          },
                        }
                      }
                      width={12}
                    >
                      <svg
                        height="12px"
                        viewBox="0 0 100 100"
                        width="12px"
                      >
                        <title>
                          check
                        </title>
                        <g
                          id="Check"
                        >
                          <path
                            d="M100,26.06a6.2,6.2,0,0,1-1.81,4.5L51.48,78.44l-8.77,9a6.1,6.1,0,0,1-8.77,0l-8.78-9L1.81,54.5a6.5,6.5,0,0,1,0-9l8.77-9A5.88,5.88,0,0,1,15,34.66a5.86,5.86,0,0,1,4.38,1.85L38.32,56,80.65,12.57a6.1,6.1,0,0,1,8.77,0l8.77,9A6.19,6.19,0,0,1,100,26.06Z"
                            fill="#fff"
                            style={
                              Object {
                                "fillRule": "evenodd",
                              }
                            }
                          />
                        </g>
                      </svg>
                    </CheckIcon>
                  </Component>
                </Component>
              </span>
            </StyledComponent>
          </styled.span>
          <styled.input
            checked={true}
            disabled={false}
            name="sample"
            onChange={[Function]}
            type="checkbox"
          >
            <StyledComponent
              checked={true}
              disabled={false}
              forwardedComponent={
                Object {
                  "$$typeof": Symbol(react.forward_ref),
                  "attrs": Array [],
                  "componentStyle": ComponentStyle {
                    "componentId": "sc-bwzfXH",
                    "isStatic": true,
                    "lastClassName": "dHqMOG",
                    "rules": Array [
                      "
  opacity: 0;
  position: absolute;
  top: 0;
  left: 0;
  width: 100%;
  height: 100%;
  margin: 0;
  cursor: pointer;

  &[disabled] {
    pointer-events: none;
  }
",
                    ],
                  },
                  "displayName": "styled.input",
                  "foldedComponentIds": Array [],
                  "render": [Function],
                  "styledComponentId": "sc-bwzfXH",
                  "target": "input",
                  "toString": [Function],
                  "warnTooManyClasses": [Function],
                  "withComponent": [Function],
                }
              }
              forwardedRef={null}
              name="sample"
              onChange={[Function]}
              type="checkbox"
            >
              <input
                checked={true}
                className="sc-bwzfXH dHqMOG"
                disabled={false}
                name="sample"
                onChange={[Function]}
                type="checkbox"
              />
            </StyledComponent>
          </styled.input>
        </div>
      </StyledComponent>
    </styled.div>
  </CheckboxComponent>
</Component>
`;
